env: load .env
env: export EXPO_PUBLIC_SUPABASE_URL EXPO_PUBLIC_SUPABASE_ANON_KEY SUPABASE_SERVICE_ROLE_KEY EXPO_PUBLIC_API_URL EXPO_PUBLIC_DEMO_MODE
Starting project at D:\College\3rd Year\SIH\UniFit
Starting Metro Bundler
warning: Bundler cache is empty, rebuilding (this may take a minute)
Waiting on http://localhost:8081
Logs for your project will appear below.
| (node:2432) Warning: The 'NO_COLOR' env is ignored due to the 'FORCE_COLOR' env being set.
| (Use `node --trace-warnings ...` to show where the warning was created)
| (node:16420) Warning: The 'NO_COLOR' env is ignored due to the 'FORCE_COLOR' env being set.
| (Use `node --trace-warnings ...` to show where the warning was created)
| (node:9204) Warning: The 'NO_COLOR' env is ignored due to the 'FORCE_COLOR' env being set.
| (Use `node --trace-warnings ...` to show where the warning was created)
Android Bundled 31187ms node_modules\expo-router\entry.js (1642 modules)
 (NOBRIDGE) LOG  Bridgeless mode is enabled
 INFO  
[7m [1m💡 JavaScript logs will be removed from Metro in React Native 0.77![22m Please use React Native DevTools as your default tool. Tip: Type [1mj[22m in the terminal to open (requires Google Chrome or Microsoft Edge).[27m
Android Bundled 165ms node_modules\expo-router\entry.js (1 module)
 (NOBRIDGE) LOG  Bridgeless mode is enabled
 INFO  
[7m [1m💡 JavaScript logs will be removed from Metro in React Native 0.77![22m Please use React Native DevTools as your default tool. Tip: Type [1mj[22m in the terminal to open (requires Google Chrome or Microsoft Edge).[27m
Android Bundled 275ms app.json (1 module)
Android Bundled 134ms node_modules\expo-router\entry.js (1 module)
Android Bundled 35140ms node_modules\expo-router\entry.js (1646 modules)
Android Bundled 173ms node_modules\expo-router\entry.js (1 module)
 (NOBRIDGE) LOG  Bridgeless mode is enabled
 INFO  
[7m [1m💡 JavaScript logs will be removed from Metro in React Native 0.77![22m Please use React Native DevTools as your default tool. Tip: Type [1mj[22m in the terminal to open (requires Google Chrome or Microsoft Edge).[27m
Android Bundled 134ms node_modules\expo-router\entry.js (1 module)
 (NOBRIDGE) LOG  Bridgeless mode is enabled
 INFO  
[7m [1m💡 JavaScript logs will be removed from Metro in React Native 0.77![22m Please use React Native DevTools as your default tool. Tip: Type [1mj[22m in the terminal to open (requires Google Chrome or Microsoft Edge).[27m
Android Bundled 126ms node_modules\expo-router\entry.js (1 module)
 (NOBRIDGE) LOG  Bridgeless mode is enabled
 INFO  
[7m [1m💡 JavaScript logs will be removed from Metro in React Native 0.77![22m Please use React Native DevTools as your default tool. Tip: Type [1mj[22m in the terminal to open (requires Google Chrome or Microsoft Edge).[27m
